// Jest Snapshot v1, https://goo.gl/fbAQLP

exports[`SearchBar SearchBar component should match the snapshot 1`] = `
<input
  className="SearchBar--input"
  onChange={[Function]}
  placeholder="Search notes"
/>
`;
