// Jest Snapshot v1, https://goo.gl/fbAQLP

exports[`Loader should pass snapshot test 1`] = `
<div
  className="Loader"
>
  <div
    className="Loader--div Loader--balls"
  />
</div>
`;
