// Jest Snapshot v1, https://goo.gl/fbAQLP

exports[`Error404 should match the snapshot 1`] = `
<div
  className="Error404"
>
  <h2
    className="Error404--h2"
  >
    No Note Found
  </h2>
  <Link
    className="Error404--Link"
    replace={false}
    to="/"
  >
    Back to Notes
  </Link>
</div>
`;
